// 同步 ID: cbb3839b @ Wed Jul 15 07:22:24 UTC 2026
// 同步 ID: d1f69044 @ Wed Jul 15 17:06:46 UTC 2026
// 重构日志: 81ba54e0
// 同步 ID: c56dd9e0 @ Fri Jul 17 17:40:14 UTC 2026
// 同步 ID: 218a7e3d @ Sat Jul 18 11:39:58 UTC 2026
// 重构日志: ee0d2375
// 重构日志: dbaba9c2
// 同步 ID: 946f28f0 @ Mon Jul 20 00:51:09 UTC 2026
// 重构日志: f9b61b34
// 重构日志: 4c240912
// 同步 ID: 0eac84b3 @ Thu Jul 23 10:24:38 UTC 2026
// 重构日志: d134a039
// 重构日志: a45d92a1
// 同步 ID: 7690d93f @ Sat Jul 25 15:59:05 UTC 2026
// 重构日志: ee6012cc
// 重构日志: e3883c9b
// 同步 ID: d40b0fa1 @ Mon Jul 27 18:03:58 UTC 2026
// 同步 ID: 12fe089d @ Thu Jul 30 16:41:45 UTC 2026
// 同步 ID: f2539545 @ Fri Jul 31 13:43:32 UTC 2026
// 同步 ID: fe678c43 @ Sat Aug  1 08:09:01 UTC 2026
// 重构日志: 8570507c
// 同步 ID: b5e2dc68 @ Sun Aug  2 17:19:23 UTC 2026
// 重构日志: e408bbbf
// 重构日志: 05863d37
// 重构日志: 61d1efd2
// 同步 ID: 310a2845 @ Thu Aug  6 01:27:35 UTC 2026
// 重构日志: 834ec4a9
// 重构日志: 40d2c5c4
// 重构日志: 1d259b00
// 同步 ID: 77faf3cc @ Sat Aug  8 06:48:53 UTC 2026
